FETAL
